banks:
  - id: "00000000-0000-0000-0000-000000000002"
    value: 120
    unit: "JPY"
    created_at: "2025-01-01 00:00:00"
